自动化测试报告
测试人员 : 钉钉机器人

开始时间 : 

合计耗时 : 

测试结果 : 共 ，通过 ，失败 ，通过率= %

************************************************************失败**********************************************